 Container deproof-dev-web-1 Creating 
 Volume deproof-dev_node_state Creating 
 Volume deproof-dev_node_state Creating 
 Container deproof-dev-prover-worker-1 Creating 
 Volume deproof-dev_node_state Created 
 Volume deproof-dev_node_state Created 
 Container deproof-dev-node-agent-1 Creating 
 Container deproof-dev-web-1 Created 
 Container deproof-dev-node-agent-1 Created 
 Container deproof-dev-prover-worker-1 Created 
 Container deproof-dev-web-1 Starting 
 Container deproof-dev-node-agent-1 Starting 
 Container deproof-dev-prover-worker-1 Starting 
 Container deproof-dev-prover-worker-1 Started 
 Container deproof-dev-node-agent-1 Started 
 Container deproof-dev-web-1 Started 
 Container deproof-dev-web-1 Waiting 
 Container deproof-dev-node-agent-1 Waiting 
 Container deproof-dev-prover-worker-1 Waiting 
 Container deproof-dev-prover-worker-1 Healthy 
container deproof-dev-node-agent-1 exited (1)
