 Image deproof/node-agent:local Building 
 Image deproof/prover-worker:local Building 
 Image deproof/web:local Building 
#1 [internal] load local bake definitions
#1 reading from stdin 1.71kB done
#1 DONE 0.0s

#2 [node-agent internal] load build definition from node-agent.Dockerfile
#2 transferring dockerfile: 1.84kB 0.0s done
#2 DONE 0.0s

#3 [web internal] load build definition from web.Dockerfile
#3 transferring dockerfile: 817B 0.0s done
#3 DONE 0.1s

#4 [prover-worker internal] load build definition from prover-worker.Dockerfile
#4 transferring dockerfile: 1.37kB 0.0s done
#4 DONE 0.1s

#5 [web internal] load metadata for docker.io/library/busybox:1.36@sha256:73aaf090f3d85aa34ee199857f03fa3a95c8ede2ffd4cc2cdb5b94e566b11662
#5 DONE 0.1s

#6 [prover-worker internal] load metadata for docker.io/library/python:3.13.7-slim-bookworm@sha256:781449467ffb6f04218f09b1ecdcdc7d22b289ee5da9ec498b024e24ad7a6db7
#6 DONE 1.5s

#7 [prover-worker internal] load metadata for docker.io/library/golang:1.26.4-bookworm@sha256:b305420a68d0f229d91eb3b3ed9e519fcf2cf5461da4bef997bf927e8c0bfd2b
#7 DONE 1.9s

#8 [prover-worker internal] load .dockerignore
#8 transferring context: 614B 0.0s done
#8 DONE 0.0s

#9 [node-agent internal] load build context
#9 DONE 0.0s

#10 [prover-worker internal] load build context
#10 DONE 0.0s

#11 [node-agent runtime  1/13] FROM docker.io/library/python:3.13.7-slim-bookworm@sha256:781449467ffb6f04218f09b1ecdcdc7d22b289ee5da9ec498b024e24ad7a6db7
#11 resolve docker.io/library/python:3.13.7-slim-bookworm@sha256:781449467ffb6f04218f09b1ecdcdc7d22b289ee5da9ec498b024e24ad7a6db7 0.0s done
#11 resolve docker.io/library/python:3.13.7-slim-bookworm@sha256:781449467ffb6f04218f09b1ecdcdc7d22b289ee5da9ec498b024e24ad7a6db7 0.0s done
#11 DONE 0.1s

#12 [prover-worker build 1/9] FROM docker.io/library/golang:1.26.4-bookworm@sha256:b305420a68d0f229d91eb3b3ed9e519fcf2cf5461da4bef997bf927e8c0bfd2b
#12 resolve docker.io/library/golang:1.26.4-bookworm@sha256:b305420a68d0f229d91eb3b3ed9e519fcf2cf5461da4bef997bf927e8c0bfd2b 0.1s done
#12 DONE 0.1s

#9 [node-agent internal] load build context
#9 transferring context: 46.80kB 0.1s done
#9 DONE 0.1s

#10 [prover-worker internal] load build context
#10 transferring context: 8.58kB 0.1s done
#10 DONE 0.1s

#13 [node-agent build 9/9] RUN CGO_ENABLED=0 GOTOOLCHAIN=local go test ./... && CGO_ENABLED=0 GOTOOLCHAIN=local go build -trimpath -o /out/deproof-node ./cmd/deproof-node
#13 CACHED

#14 [node-agent runtime  9/13] COPY contracts/ contracts/
#14 CACHED

#15 [node-agent runtime 10/13] COPY app/schemas/ app/schemas/
#15 CACHED

#16 [node-agent build 8/9] COPY node-agent/ ./
#16 CACHED

#17 [node-agent build 7/9] WORKDIR /src/node-agent
#17 CACHED

#18 [node-agent runtime  2/13] RUN useradd --create-home --uid 10001 deproof && mkdir -p /state /export && chown 10001:10001 /state /export
#18 CACHED

#19 [node-agent build 6/9] RUN CGO_ENABLED=0 GOTOOLCHAIN=local go test ./... && CGO_ENABLED=0 GOTOOLCHAIN=local go build -trimpath -o /out/prove ./cmd/prove && CGO_ENABLED=0 GOTOOLCHAIN=local go build -trimpath -o /out/verify ./cmd/verify
#19 CACHED

#20 [node-agent build 3/9] COPY prover-worker/go.mod prover-worker/go.sum ./
#20 CACHED

#21 [node-agent runtime  8/13] COPY fixtures/ fixtures/
#21 CACHED

#22 [node-agent runtime  4/13] COPY tools/requirements.txt tools/requirements.txt
#22 CACHED

#23 [node-agent build 2/9] WORKDIR /src/prover-worker
#23 CACHED

#24 [node-agent runtime  6/13] COPY --from=build /out/ prover-worker/build/
#24 CACHED

#25 [node-agent runtime  5/13] RUN pip install --no-cache-dir -r tools/requirements.txt
#25 CACHED

#26 [node-agent runtime  3/13] WORKDIR /opt/deproof
#26 CACHED

#27 [node-agent build 4/9] RUN GOTOOLCHAIN=local go mod download
#27 CACHED

#28 [node-agent build 5/9] COPY prover-worker/ ./
#28 CACHED

#29 [node-agent runtime  7/13] COPY tools/ tools/
#29 CACHED

#30 [node-agent runtime 11/13] COPY app/src/main/resources/ app/src/main/resources/
#30 CACHED

#31 [node-agent runtime 12/13] COPY docker/node-entrypoint.sh docker/node-entrypoint.sh
#31 DONE 0.1s

#32 [prover-worker stage-1 11/14] COPY app/schemas/ app/schemas/
#32 CACHED

#33 [prover-worker build 3/6] COPY prover-worker/go.mod prover-worker/go.sum ./
#33 CACHED

#34 [prover-worker stage-1  4/14] COPY tools/requirements.txt tools/requirements.txt
#34 CACHED

#35 [prover-worker stage-1  9/14] COPY fixtures/ fixtures/
#35 CACHED

#23 [prover-worker build 2/9] WORKDIR /src/prover-worker
#23 CACHED

#36 [prover-worker build 4/6] RUN GOTOOLCHAIN=local go mod download
#36 CACHED

#37 [prover-worker stage-1  6/14] COPY --from=build /out/ prover-worker/build/
#37 CACHED

#38 [prover-worker stage-1  8/14] COPY scripts/qualify-device.py scripts/qualify-device.py
#38 CACHED

#39 [prover-worker stage-1 10/14] COPY contracts/ contracts/
#39 CACHED

#40 [prover-worker build 6/6] RUN CGO_ENABLED=0 GOTOOLCHAIN=local go test ./... && CGO_ENABLED=0 GOTOOLCHAIN=local go build -trimpath -o /out/prove ./cmd/prove && CGO_ENABLED=0 GOTOOLCHAIN=local go build -trimpath -o /out/verify ./cmd/verify
#40 CACHED

#41 [prover-worker stage-1  5/14] RUN pip install --no-cache-dir -r tools/requirements.txt
#41 CACHED

#42 [prover-worker build 5/6] COPY prover-worker/ ./
#42 CACHED

#43 [prover-worker stage-1  7/14] COPY tools/ tools/
#43 CACHED

#18 [prover-worker runtime  2/13] RUN useradd --create-home --uid 10001 deproof && mkdir -p /state /export && chown 10001:10001 /state /export
#18 CACHED

#26 [prover-worker runtime  3/13] WORKDIR /opt/deproof
#26 CACHED

#44 [prover-worker stage-1 12/14] COPY app/src/main/resources/ app/src/main/resources/
#44 CACHED

#45 [prover-worker stage-1 13/14] COPY docker/prover-entrypoint.sh docker/prover-entrypoint.sh
#45 DONE 0.1s

#46 [node-agent runtime 13/13] RUN chown -R 10001:10001 /opt/deproof
#46 ...

#47 [web internal] load metadata for docker.io/library/node:24-bookworm-slim@sha256:d6aa754f16b3197301076f047b5def2f02ea1dbbc2ca920407d46d7ec7f87b20
#47 DONE 2.7s

#8 [web internal] load .dockerignore
#8 transferring context: 614B 0.0s done
#8 DONE 0.0s

#11 [web runtime  1/13] FROM docker.io/library/python:3.13.7-slim-bookworm@sha256:781449467ffb6f04218f09b1ecdcdc7d22b289ee5da9ec498b024e24ad7a6db7
#11 resolve docker.io/library/python:3.13.7-slim-bookworm@sha256:781449467ffb6f04218f09b1ecdcdc7d22b289ee5da9ec498b024e24ad7a6db7 0.0s done
#11 CACHED

#48 [web internal] load build context
#48 ...

#49 [web stage-2 1/6] FROM docker.io/library/busybox:1.36@sha256:73aaf090f3d85aa34ee199857f03fa3a95c8ede2ffd4cc2cdb5b94e566b11662
#49 resolve docker.io/library/busybox:1.36@sha256:73aaf090f3d85aa34ee199857f03fa3a95c8ede2ffd4cc2cdb5b94e566b11662 0.3s done
#49 DONE 0.5s

#50 [web node 1/1] FROM docker.io/library/node:24-bookworm-slim@sha256:d6aa754f16b3197301076f047b5def2f02ea1dbbc2ca920407d46d7ec7f87b20
#50 resolve docker.io/library/node:24-bookworm-slim@sha256:d6aa754f16b3197301076f047b5def2f02ea1dbbc2ca920407d46d7ec7f87b20 0.2s done
#50 sha256:11ffcabe0f772f0f1a9c80b4b290b5ec0de54f11c671f0fa10e5844f9b52d17a 0B / 50.86MB 0.2s
#50 sha256:1a0cf4b1ffc8dd659bb8c6e90471bc8fec24620e4fdb68bb2b6faa56154ae146 0B / 1.71MB 0.2s
#50 sha256:08489011619dfda982191cb9cc0418dc48ea3b1341588aeef534e4db0ab4d3d0 0B / 447B 0.2s
#50 sha256:7fd1ebe418b5079d4aa36f416af9b143d127bc75b0155d71cb5fd559b5e04d39 0B / 28.25MB 0.2s
#50 ...

#51 [prover-worker stage-1 14/14] RUN chown -R 10001:10001 /opt/deproof
#51 DONE 2.4s

#50 [web node 1/1] FROM docker.io/library/node:24-bookworm-slim@sha256:d6aa754f16b3197301076f047b5def2f02ea1dbbc2ca920407d46d7ec7f87b20
#50 sha256:1a0cf4b1ffc8dd659bb8c6e90471bc8fec24620e4fdb68bb2b6faa56154ae146 1.05MB / 1.71MB 1.0s
#50 sha256:1a0cf4b1ffc8dd659bb8c6e90471bc8fec24620e4fdb68bb2b6faa56154ae146 1.67MB / 1.71MB 1.1s
#50 sha256:08489011619dfda982191cb9cc0418dc48ea3b1341588aeef534e4db0ab4d3d0 447B / 447B 1.1s
#50 sha256:1a0cf4b1ffc8dd659bb8c6e90471bc8fec24620e4fdb68bb2b6faa56154ae146 1.71MB / 1.71MB 1.2s done
#50 sha256:08489011619dfda982191cb9cc0418dc48ea3b1341588aeef534e4db0ab4d3d0 447B / 447B 1.1s done
#50 ...

#46 [node-agent runtime 13/13] RUN chown -R 10001:10001 /opt/deproof
#46 DONE 2.9s

#50 [web node 1/1] FROM docker.io/library/node:24-bookworm-slim@sha256:d6aa754f16b3197301076f047b5def2f02ea1dbbc2ca920407d46d7ec7f87b20
#50 sha256:517d640e32835287653c4b15eb5d9f6bcf48e103baea4f7e29bac937002f649b 0B / 3.31kB 0.2s
#50 sha256:517d640e32835287653c4b15eb5d9f6bcf48e103baea4f7e29bac937002f649b 3.31kB / 3.31kB 0.7s done
#50 sha256:7fd1ebe418b5079d4aa36f416af9b143d127bc75b0155d71cb5fd559b5e04d39 2.10MB / 28.25MB 2.6s
#50 sha256:11ffcabe0f772f0f1a9c80b4b290b5ec0de54f11c671f0fa10e5844f9b52d17a 3.15MB / 50.86MB 3.2s
#50 sha256:7fd1ebe418b5079d4aa36f416af9b143d127bc75b0155d71cb5fd559b5e04d39 4.19MB / 28.25MB 3.5s
#50 sha256:7fd1ebe418b5079d4aa36f416af9b143d127bc75b0155d71cb5fd559b5e04d39 6.29MB / 28.25MB 4.1s
#50 sha256:7fd1ebe418b5079d4aa36f416af9b143d127bc75b0155d71cb5fd559b5e04d39 8.39MB / 28.25MB 4.8s
#50 sha256:7fd1ebe418b5079d4aa36f416af9b143d127bc75b0155d71cb5fd559b5e04d39 10.49MB / 28.25MB 5.4s
#50 sha256:7fd1ebe418b5079d4aa36f416af9b143d127bc75b0155d71cb5fd559b5e04d39 12.58MB / 28.25MB 6.0s
#50 sha256:7fd1ebe418b5079d4aa36f416af9b143d127bc75b0155d71cb5fd559b5e04d39 14.40MB / 28.25MB 7.4s
#50 sha256:7fd1ebe418b5079d4aa36f416af9b143d127bc75b0155d71cb5fd559b5e04d39 16.78MB / 28.25MB 8.0s
#50 sha256:11ffcabe0f772f0f1a9c80b4b290b5ec0de54f11c671f0fa10e5844f9b52d17a 5.24MB / 50.86MB 8.2s
#50 sha256:7fd1ebe418b5079d4aa36f416af9b143d127bc75b0155d71cb5fd559b5e04d39 18.87MB / 28.25MB 8.5s
#50 sha256:7fd1ebe418b5079d4aa36f416af9b143d127bc75b0155d71cb5fd559b5e04d39 20.97MB / 28.25MB 9.3s
#50 ...

#48 [web internal] load build context
#48 transferring context: 94.08MB 10.6s done
#48 DONE 10.7s

#50 [web node 1/1] FROM docker.io/library/node:24-bookworm-slim@sha256:d6aa754f16b3197301076f047b5def2f02ea1dbbc2ca920407d46d7ec7f87b20
#50 sha256:11ffcabe0f772f0f1a9c80b4b290b5ec0de54f11c671f0fa10e5844f9b52d17a 8.39MB / 50.86MB 9.8s
#50 sha256:7fd1ebe418b5079d4aa36f416af9b143d127bc75b0155d71cb5fd559b5e04d39 23.07MB / 28.25MB 10.2s
#50 sha256:7fd1ebe418b5079d4aa36f416af9b143d127bc75b0155d71cb5fd559b5e04d39 25.17MB / 28.25MB 11.0s
#50 ...

#52 [prover-worker] exporting to image
#52 exporting layers 8.8s done
#52 exporting manifest sha256:5190b48ea53a6d1a94af09f03737b8e86ee31ffeb75e719128f892b09b16fa2a 0.0s done
#52 exporting config sha256:361e98c8287f076ea31c2e9d7d2e0d8e31653b3368b298ec6da3623f3bdb11fe 0.0s done
#52 exporting attestation manifest sha256:9779776ff28ab8c233e3b6f1aa4668d9055ef579bfb8f67aefe955fdb9d1eb61 0.0s done
#52 exporting manifest list sha256:a034660c1544e7b33d42ed8604cb3302e6a039bdfcffae37bdadd3957ed6aaec 0.0s done
#52 naming to docker.io/deproof/prover-worker:local 0.0s done
#52 unpacking to docker.io/deproof/prover-worker:local
#52 ...

#50 [web node 1/1] FROM docker.io/library/node:24-bookworm-slim@sha256:d6aa754f16b3197301076f047b5def2f02ea1dbbc2ca920407d46d7ec7f87b20
#50 ...

#53 [node-agent] exporting to image
#53 exporting layers 10.0s done
#53 exporting manifest sha256:37dfd1d8d32ed65f544710599dd1c7c4fe6858df0406aadb01744475b7fbb061 0.0s done
#53 exporting config sha256:96504c10eedee6d854bad8322a7c193d259ad57230e03f08c10335c8195d3c25 0.0s done
#53 exporting attestation manifest sha256:11bd1f8bba3c3c62d3e365af1bfc44d0725f55e99c91e7ed180bc6f5bce32d4f 0.1s done
#53 exporting manifest list sha256:50680def50051ce5c93a1e098e48feda15f44520335d538f1bbaf4a0688e965d 0.0s done
#53 naming to docker.io/deproof/node-agent:local done
#53 unpacking to docker.io/deproof/node-agent:local
#53 ...

#50 [web node 1/1] FROM docker.io/library/node:24-bookworm-slim@sha256:d6aa754f16b3197301076f047b5def2f02ea1dbbc2ca920407d46d7ec7f87b20
#50 ...

#52 [prover-worker] exporting to image
#52 unpacking to docker.io/deproof/prover-worker:local 1.5s done
#52 DONE 10.8s

#50 [web node 1/1] FROM docker.io/library/node:24-bookworm-slim@sha256:d6aa754f16b3197301076f047b5def2f02ea1dbbc2ca920407d46d7ec7f87b20
#50 sha256:7fd1ebe418b5079d4aa36f416af9b143d127bc75b0155d71cb5fd559b5e04d39 27.26MB / 28.25MB 11.7s
#50 sha256:7fd1ebe418b5079d4aa36f416af9b143d127bc75b0155d71cb5fd559b5e04d39 28.25MB / 28.25MB 12.1s done
#50 extracting sha256:7fd1ebe418b5079d4aa36f416af9b143d127bc75b0155d71cb5fd559b5e04d39
#50 sha256:11ffcabe0f772f0f1a9c80b4b290b5ec0de54f11c671f0fa10e5844f9b52d17a 11.53MB / 50.86MB 12.5s
#50 ...

#54 [prover-worker] resolving provenance for metadata file
#54 DONE 0.1s

#50 [web node 1/1] FROM docker.io/library/node:24-bookworm-slim@sha256:d6aa754f16b3197301076f047b5def2f02ea1dbbc2ca920407d46d7ec7f87b20
#50 sha256:11ffcabe0f772f0f1a9c80b4b290b5ec0de54f11c671f0fa10e5844f9b52d17a 14.68MB / 50.86MB 13.4s
#50 ...

#53 [node-agent] exporting to image
#53 unpacking to docker.io/deproof/node-agent:local 1.7s done
#53 DONE 12.1s

#50 [web node 1/1] FROM docker.io/library/node:24-bookworm-slim@sha256:d6aa754f16b3197301076f047b5def2f02ea1dbbc2ca920407d46d7ec7f87b20
#50 ...

#55 [node-agent] resolving provenance for metadata file
#55 DONE 0.0s

#50 [web node 1/1] FROM docker.io/library/node:24-bookworm-slim@sha256:d6aa754f16b3197301076f047b5def2f02ea1dbbc2ca920407d46d7ec7f87b20
#50 sha256:11ffcabe0f772f0f1a9c80b4b290b5ec0de54f11c671f0fa10e5844f9b52d17a 17.83MB / 50.86MB 14.3s
#50 sha256:11ffcabe0f772f0f1a9c80b4b290b5ec0de54f11c671f0fa10e5844f9b52d17a 20.97MB / 50.86MB 15.2s
#50 sha256:11ffcabe0f772f0f1a9c80b4b290b5ec0de54f11c671f0fa10e5844f9b52d17a 24.12MB / 50.86MB 16.1s
#50 extracting sha256:7fd1ebe418b5079d4aa36f416af9b143d127bc75b0155d71cb5fd559b5e04d39 4.1s done
#50 extracting sha256:517d640e32835287653c4b15eb5d9f6bcf48e103baea4f7e29bac937002f649b
#50 extracting sha256:517d640e32835287653c4b15eb5d9f6bcf48e103baea4f7e29bac937002f649b 0.0s done
#50 sha256:11ffcabe0f772f0f1a9c80b4b290b5ec0de54f11c671f0fa10e5844f9b52d17a 30.41MB / 50.86MB 17.7s
#50 sha256:11ffcabe0f772f0f1a9c80b4b290b5ec0de54f11c671f0fa10e5844f9b52d17a 33.55MB / 50.86MB 18.6s
#50 sha256:11ffcabe0f772f0f1a9c80b4b290b5ec0de54f11c671f0fa10e5844f9b52d17a 36.70MB / 50.86MB 19.7s
#50 sha256:11ffcabe0f772f0f1a9c80b4b290b5ec0de54f11c671f0fa10e5844f9b52d17a 39.85MB / 50.86MB 20.6s
#50 sha256:11ffcabe0f772f0f1a9c80b4b290b5ec0de54f11c671f0fa10e5844f9b52d17a 42.99MB / 50.86MB 21.5s
#50 sha256:11ffcabe0f772f0f1a9c80b4b290b5ec0de54f11c671f0fa10e5844f9b52d17a 46.14MB / 50.86MB 22.2s
#50 sha256:11ffcabe0f772f0f1a9c80b4b290b5ec0de54f11c671f0fa10e5844f9b52d17a 49.28MB / 50.86MB 23.1s
#50 sha256:11ffcabe0f772f0f1a9c80b4b290b5ec0de54f11c671f0fa10e5844f9b52d17a 50.86MB / 50.86MB 23.6s done
#50 extracting sha256:11ffcabe0f772f0f1a9c80b4b290b5ec0de54f11c671f0fa10e5844f9b52d17a
#50 extracting sha256:11ffcabe0f772f0f1a9c80b4b290b5ec0de54f11c671f0fa10e5844f9b52d17a 3.6s done
#50 DONE 28.3s

#50 [web node 1/1] FROM docker.io/library/node:24-bookworm-slim@sha256:d6aa754f16b3197301076f047b5def2f02ea1dbbc2ca920407d46d7ec7f87b20
#50 extracting sha256:1a0cf4b1ffc8dd659bb8c6e90471bc8fec24620e4fdb68bb2b6faa56154ae146 0.2s done
#50 extracting sha256:08489011619dfda982191cb9cc0418dc48ea3b1341588aeef534e4db0ab4d3d0
#50 extracting sha256:08489011619dfda982191cb9cc0418dc48ea3b1341588aeef534e4db0ab4d3d0 0.0s done
#50 DONE 28.5s

#56 [web build 2/5] COPY --from=node /usr/local/bin/node /usr/local/bin/node
#56 DONE 1.5s

#57 [web build 3/5] WORKDIR /src
#57 DONE 0.1s

#58 [web build 4/5] COPY . .
#58 DONE 1.6s

#59 [web build 5/5] RUN python3 scripts/build-web.py && python3 scripts/qualify-web.py
#59 0.818 Built 7 local pages; no deployment performed.
#59 1.224 PASS: seven page semantics, repository-relative links/assets and JS syntax. Browser responsiveness/accessibility/interaction gates NOT_RUN.
#59 DONE 1.3s

#60 [web stage-2 2/6] COPY --from=build /src/web/ /site/
#60 DONE 0.0s

#61 [web stage-2 3/6] COPY --from=build /src/docs/ /site/docs/
#61 DONE 0.1s

#62 [web stage-2 4/6] COPY --from=build /src/evidence/qualification/ /site/evidence/qualification/
#62 DONE 1.1s

#63 [web stage-2 5/6] COPY --from=build /src/LICENSE /src/SECURITY.md /site/
#63 DONE 0.1s

#64 [web stage-2 6/6] RUN chown -R 65534:65534 /site
#64 DONE 1.9s

#65 [web] exporting to image
#65 exporting layers
#65 exporting layers 7.3s done
#65 exporting manifest sha256:57b8021709d31043357cbb9efaaabe28fb694a84c09ee8ac3213644b5774bf55
#65 exporting manifest sha256:57b8021709d31043357cbb9efaaabe28fb694a84c09ee8ac3213644b5774bf55 0.0s done
#65 exporting config sha256:ab9c07f4758dc4ff625af586940f30956cd67a756be501cb238d698d0a745cf9 0.0s done
#65 exporting attestation manifest sha256:c5bded1949d98374553c027e79415ca053a014426f9a487631127227391848a9 0.0s done
#65 exporting manifest list sha256:1324ca8752061a5791254d96891a4e02315ec1d23a5323fd16b31bec0d2d4af1 0.0s done
#65 naming to docker.io/deproof/web:local done
#65 unpacking to docker.io/deproof/web:local
#65 unpacking to docker.io/deproof/web:local 4.4s done
#65 DONE 11.9s

#66 [web] resolving provenance for metadata file
#66 DONE 0.0s
 Image deproof/prover-worker:local Built 
 Image deproof/web:local Built 
 Image deproof/node-agent:local Built 
