PASS: read_only_scope_cannot_transfer
PASS: wrong_tls_certificate_pin_denied
PASS: api_revocation_denies_subsequent_commands
PASS: unqualified_hosting_refuses_start
PASS: operation_replay_denied
PASS: bandwidth_requires_explicit_consent
PASS: real_tls_transfer_sender_receiver_counters_match
PASS: quota_enforced_before_network_io
PASS: stop_cancels_real_flow_and_disables_consent
PASS: signed_owner_job_discovered
PASS: forged_job_signature_denied
PASS: android_client_to_agent_to_prover_to_verifier_signed_receipt
PASS: wrong_public_input_rejected_by_independent_verifier
PASS: tampered_result_digest_rejected
PASS: pinned_verification_key_mismatch_rejected
PASS: signed_contribution_tamper_rejected
PASS: owner_local_revocation_works_without_phone
PASS: restart_retains_charged_reservations_and_disables_sharing
PASS: changed_service_profile_denied
PASS: authenticated_allowlisted_service_actually_starts_and_is_healthy
PASS: node_restart_observes_actual_existing_container
PASS: service_stop_observes_termination
