PASS: index-320-loads
PASS: index-320-images
PASS: index-320-no-document-overflow
PASS: index-320-axe
PASS: index-320-keyboard-skip-link
PASS: index-320-skip-target
PASS: index-200-percent-text
PASS: features-320-loads
PASS: features-320-images
PASS: features-320-no-document-overflow
PASS: features-320-axe
PASS: features-320-keyboard-skip-link
PASS: features-320-skip-target
PASS: features-200-percent-text
PASS: how-it-works-320-loads
PASS: how-it-works-320-images
PASS: how-it-works-320-no-document-overflow
PASS: how-it-works-320-axe
PASS: how-it-works-320-keyboard-skip-link
PASS: how-it-works-320-skip-target
PASS: how-it-works-200-percent-text
PASS: ecosystem-320-loads
PASS: ecosystem-320-images
PASS: ecosystem-320-no-document-overflow
PASS: ecosystem-320-axe
PASS: ecosystem-320-keyboard-skip-link
PASS: ecosystem-320-skip-target
PASS: ecosystem-200-percent-text
PASS: project-320-loads
PASS: project-320-link-delivery/evidence/qualification/qualification-report.md
PASS: project-320-link-delivery/evidence/qualification/implementation-status.json
PASS: project-320-link-delivery/evidence/qualification/artifact-checksums.txt
PASS: project-320-link-delivery/docs/threat-model.md
PASS: project-320-link-delivery/docs/dependency-decisions.md
PASS: project-320-link-delivery/LICENSE
PASS: project-320-images
PASS: project-320-no-document-overflow
PASS: project-320-axe
PASS: project-320-keyboard-skip-link
PASS: project-320-skip-target
PASS: project-200-percent-text
PASS: documentation-320-loads
PASS: documentation-320-link-delivery/docs/setup.md
PASS: documentation-320-link-delivery/docs/ecosystem/node.md
PASS: documentation-320-images
PASS: documentation-320-no-document-overflow
PASS: documentation-320-axe
PASS: documentation-320-keyboard-skip-link
PASS: documentation-320-skip-target
PASS: documentation-200-percent-text
PASS: privacy-320-loads
PASS: privacy-320-link-delivery/docs/privacy.md
PASS: privacy-320-link-delivery/SECURITY.md
PASS: privacy-320-images
PASS: privacy-320-no-document-overflow
PASS: privacy-320-axe
PASS: privacy-320-keyboard-skip-link
PASS: privacy-320-skip-target
PASS: privacy-200-percent-text
PASS: index-1280-loads
PASS: index-1280-images
PASS: index-1280-no-document-overflow
PASS: index-1280-axe
PASS: index-1280-keyboard-skip-link
PASS: index-1280-skip-target
PASS: features-1280-loads
PASS: features-1280-images
PASS: features-1280-no-document-overflow
PASS: features-1280-axe
PASS: features-1280-keyboard-skip-link
PASS: features-1280-skip-target
PASS: how-it-works-1280-loads
PASS: how-it-works-1280-images
PASS: how-it-works-1280-no-document-overflow
PASS: how-it-works-1280-axe
PASS: how-it-works-1280-keyboard-skip-link
PASS: how-it-works-1280-skip-target
PASS: ecosystem-1280-loads
PASS: ecosystem-1280-images
PASS: ecosystem-1280-no-document-overflow
PASS: ecosystem-1280-axe
PASS: ecosystem-1280-keyboard-skip-link
PASS: ecosystem-1280-skip-target
PASS: project-1280-loads
PASS: project-1280-link-delivery/evidence/qualification/qualification-report.md
PASS: project-1280-link-delivery/evidence/qualification/implementation-status.json
PASS: project-1280-link-delivery/evidence/qualification/artifact-checksums.txt
PASS: project-1280-link-delivery/docs/threat-model.md
PASS: project-1280-link-delivery/docs/dependency-decisions.md
PASS: project-1280-link-delivery/LICENSE
PASS: project-1280-images
PASS: project-1280-no-document-overflow
PASS: project-1280-axe
PASS: project-1280-keyboard-skip-link
PASS: project-1280-skip-target
PASS: documentation-1280-loads
PASS: documentation-1280-link-delivery/docs/setup.md
PASS: documentation-1280-link-delivery/docs/ecosystem/node.md
PASS: documentation-1280-images
PASS: documentation-1280-no-document-overflow
PASS: documentation-1280-axe
PASS: documentation-1280-keyboard-skip-link
PASS: documentation-1280-skip-target
PASS: privacy-1280-loads
PASS: privacy-1280-link-delivery/docs/privacy.md
PASS: privacy-1280-link-delivery/SECURITY.md
PASS: privacy-1280-images
PASS: privacy-1280-no-document-overflow
PASS: privacy-1280-axe
PASS: privacy-1280-keyboard-skip-link
PASS: privacy-1280-skip-target
PASS: feature-filter-single-match
PASS: feature-filter-empty-state
PASS: receipt-invalid-json-error
PASS: receipt-inspection-does-not-claim-crypto-verification
PASS: receipt-provenance-conflict-rejected
