Observed environment (UTC): Tue Oct  6 00:43:44 UTC 2026
Darwin Cybertecks-Mac-mini.local 24.6.0 Darwin Kernel Version 24.6.0: Sun Aug 23 20:30:56 PDT 2026; root:xnu-11417.140.69.712.69~1/RELEASE_X86_64 x86_64
Filesystem      Size    Used   Avail Capacity iused ifree %iused  Mounted on
/dev/disk1s5   233Gi   198Gi    10Gi    95%    4.2M  110M    4%   /System/Volumes/Data
openjdk version "17.0.20.1" 2026-08-18
OpenJDK Runtime Environment Homebrew (build 17.0.20.1+0)
OpenJDK 64-Bit Server VM Homebrew (build 17.0.20.1+0, mixed mode, sharing)
go version go1.26.4 darwin/amd64
v26.4.0
SDK platforms/build tools:
android-36.1
android-37.0
36.0.0
ADB device query (may be blocked):
* daemon not running; starting now at tcp:5037
ADB server didn't ACK
Full server startup log: /var/folders/0z/z01bgwxj7px2nd47_0vm83jm0000gn/T//adb.501.log
Server had pid: 54542
--- adb starting (pid 54542) ---
10-06 06:13:45.016 54542 1672110 I adb     : main.cpp:65 Android Debug Bridge version 1.0.41
10-06 06:13:45.016 54542 1672110 I adb     : main.cpp:65 Version 37.0.1-15733141
10-06 06:13:45.016 54542 1672110 I adb     : main.cpp:65 Installed as /Users/cyberteck/Library/Android/sdk/platform-tools/adb
10-06 06:13:45.016 54542 1672110 I adb     : main.cpp:65 Running on Darwin 24.6.0 (x86_64)
10-06 06:13:45.016 54542 1672110 I adb     : main.cpp:65 
10-06 06:13:45.041 54542 1672114 E adb     : usb_osx.cpp:168 Unable to create an interface plug-in (e00002be)
10-06 06:13:45.048 54542 1672114 E adb     : usb_osx.cpp:168 Unable to create an interface plug-in (e00002be)
10-06 06:13:45.053 54542 1672114 E adb     : usb_osx.cpp:168 Unable to create an interface plug-in (e00002be)
10-06 06:13:45.056 54542 1672114 E adb     : usb_osx.cpp:168 Unable to create an interface plug-in (e00002be)
10-06 06:13:45.061 54542 1672114 E adb     : usb_osx.cpp:168 Unable to create an interface plug-in (e00002be)
10-06 06:13:45.063 54542 1672114 E adb     : usb_osx.cpp:168 Unable to create an interface plug-in (e00002be)
10-06 06:13:45.703 54542 1672110 F adb     : main.cpp:168 could not install *smartsocket* listener: Operation not permitted

* failed to start daemon
adb: failed to check server version: cannot connect to daemon
Docker runtime query (may be blocked):
Client: Docker Engine - Community
 Version:           29.7.2
 API version:       1.55
 Go version:        go1.27.0
 Git commit:        a7dcaa6fdb
 Built:             Wed Aug  5 17:34:15 2026
 OS/Arch:           darwin/amd64
 Context:           colima
permission denied while trying to connect to the docker API at unix:///Users/cyberteck/.colima/default/docker.sock
Dependency network probe (no credentials):
  % Total    % Received % Xferd  Average Speed   Time    Time     Time  Current
                                 Dload  Upload   Total   Spent    Left  Speed
  0     0    0     0    0     0      0      0 --:--:-- --:--:-- --:--:--     0curl: (6) Could not resolve host: dl.google.com
