To honour the JVM settings for this build a single-use Daemon process will be forked. For more on this, please refer to https://docs.gradle.org/9.3.1/userguide/gradle_daemon.html#sec:disabling_the_daemon in the Gradle documentation.
Daemon will be stopped at the end of the build 
Warning: SDK processing. This version only understands SDK XML versions up to 3 but an SDK XML file of version 4 was encountered. This can happen if you use versions of Android Studio and the command-line tools that were released at different times.
> Task :app:preBuild UP-TO-DATE
> Task :app:preDebugBuild UP-TO-DATE
> Task :app:generateDebugBuildConfig UP-TO-DATE
> Task :app:generateDebugResources
> Task :app:packageDebugResources
> Task :app:processDebugNavigationResources
> Task :app:parseDebugLocalResources
> Task :app:kspDebugKotlin UP-TO-DATE
> Task :app:generateDebugRFile UP-TO-DATE
> Task :app:javaPreCompileDebug UP-TO-DATE
> Task :app:checkDebugAarMetadata UP-TO-DATE
> Task :app:mapDebugSourceSetPaths
> Task :app:compileDebugNavigationResources UP-TO-DATE
> Task :app:mergeDebugResources
> Task :app:createDebugCompatibleScreenManifests UP-TO-DATE
> Task :app:extractDeepLinksDebug UP-TO-DATE
> Task :app:processDebugMainManifest UP-TO-DATE
> Task :app:processDebugManifest UP-TO-DATE
> Task :app:processDebugManifestForPackage UP-TO-DATE
> Task :app:processDebugResources
> Task :app:preDebugUnitTestBuild UP-TO-DATE
> Task :app:javaPreCompileDebugUnitTest UP-TO-DATE
> Task :app:mergeDebugNativeDebugMetadata NO-SOURCE
> Task :app:generateDebugAssets UP-TO-DATE
> Task :app:mergeDebugAssets UP-TO-DATE
> Task :app:compressDebugAssets UP-TO-DATE
> Task :app:l8DexDesugarLibDebug UP-TO-DATE
> Task :app:desugarDebugFileDependencies UP-TO-DATE
> Task :app:checkDebugDuplicateClasses UP-TO-DATE
> Task :app:mergeExtDexDebug UP-TO-DATE
> Task :app:mergeLibDexDebug UP-TO-DATE
> Task :app:mergeDebugJniLibFolders UP-TO-DATE
> Task :app:mergeDebugNativeLibs UP-TO-DATE
> Task :app:stripDebugDebugSymbols UP-TO-DATE
> Task :app:validateSigningDebug UP-TO-DATE
> Task :app:writeDebugAppMetadata UP-TO-DATE
> Task :app:writeDebugSigningConfigVersions UP-TO-DATE
> Task :app:preDebugAndroidTestBuild SKIPPED
> Task :app:extractProguardFiles UP-TO-DATE

> Task :app:compileDebugKotlin
w: file:///Users/cyberteck/DEPROOF-/DEPROOF-build/app/src/main/java/com/example/EvidencePreview.kt:42:68 Redundant call of conversion method.
w: file:///Users/cyberteck/DEPROOF-/DEPROOF-build/app/src/main/java/com/example/MainActivity.kt:173:113 Redundant call of conversion method.
w: file:///Users/cyberteck/DEPROOF-/DEPROOF-build/app/src/main/java/com/example/MainActivity.kt:215:132 Redundant call of conversion method.
w: file:///Users/cyberteck/DEPROOF-/DEPROOF-build/app/src/main/java/com/example/MainActivity.kt:275:115 Redundant call of conversion method.
w: file:///Users/cyberteck/DEPROOF-/DEPROOF-build/app/src/main/java/com/example/MainActivity.kt:275:135 Redundant call of conversion method.
w: file:///Users/cyberteck/DEPROOF-/DEPROOF-build/app/src/main/java/com/example/MainActivity.kt:276:94 Redundant call of conversion method.
w: file:///Users/cyberteck/DEPROOF-/DEPROOF-build/app/src/main/java/com/example/MainActivity.kt:309:100 Redundant call of conversion method.
w: file:///Users/cyberteck/DEPROOF-/DEPROOF-build/app/src/main/java/com/example/MainActivity.kt:309:129 Redundant call of conversion method.
w: file:///Users/cyberteck/DEPROOF-/DEPROOF-build/app/src/main/java/com/example/MainActivity.kt:319:100 Redundant call of conversion method.
w: file:///Users/cyberteck/DEPROOF-/DEPROOF-build/app/src/main/java/com/example/MainActivity.kt:319:132 Redundant call of conversion method.
w: file:///Users/cyberteck/DEPROOF-/DEPROOF-build/app/src/main/java/com/example/MainActivity.kt:357:146 Redundant call of conversion method.
w: file:///Users/cyberteck/DEPROOF-/DEPROOF-build/app/src/main/java/com/example/MainActivity.kt:359:117 Redundant call of conversion method.
w: file:///Users/cyberteck/DEPROOF-/DEPROOF-build/app/src/main/java/com/example/MainActivity.kt:372:109 Redundant call of conversion method.
w: file:///Users/cyberteck/DEPROOF-/DEPROOF-build/app/src/main/java/com/example/MainActivity.kt:372:133 Redundant call of conversion method.
w: file:///Users/cyberteck/DEPROOF-/DEPROOF-build/app/src/main/java/com/example/MainActivity.kt:395:291 Redundant call of conversion method.
w: file:///Users/cyberteck/DEPROOF-/DEPROOF-build/app/src/main/java/com/example/MainActivity.kt:395:317 Redundant call of conversion method.
w: file:///Users/cyberteck/DEPROOF-/DEPROOF-build/app/src/main/java/com/example/MainActivity.kt:395:349 Redundant call of conversion method.
w: file:///Users/cyberteck/DEPROOF-/DEPROOF-build/app/src/main/java/com/example/MainActivity.kt:395:502 Redundant call of conversion method.
w: file:///Users/cyberteck/DEPROOF-/DEPROOF-build/app/src/main/java/com/example/MainActivity.kt:395:521 Redundant call of conversion method.
w: file:///Users/cyberteck/DEPROOF-/DEPROOF-build/app/src/main/java/com/example/NodeWorkspace.kt:63:158 Redundant call of conversion method.
w: file:///Users/cyberteck/DEPROOF-/DEPROOF-build/app/src/main/java/com/example/NodeWorkspace.kt:63:179 Redundant call of conversion method.
w: file:///Users/cyberteck/DEPROOF-/DEPROOF-build/app/src/main/java/com/example/NodeWorkspace.kt:65:74 Redundant call of conversion method.
w: file:///Users/cyberteck/DEPROOF-/DEPROOF-build/app/src/main/java/com/example/NodeWorkspace.kt:66:68 Redundant call of conversion method.
w: file:///Users/cyberteck/DEPROOF-/DEPROOF-build/app/src/main/java/com/example/NodeWorkspace.kt:66:93 Redundant call of conversion method.
w: file:///Users/cyberteck/DEPROOF-/DEPROOF-build/app/src/main/java/com/example/WorkflowWorkspace.kt:45:80 Redundant call of conversion method.
w: file:///Users/cyberteck/DEPROOF-/DEPROOF-build/app/src/main/java/com/example/WorkflowWorkspace.kt:45:105 Redundant call of conversion method.
w: file:///Users/cyberteck/DEPROOF-/DEPROOF-build/app/src/main/java/com/example/WorkflowWorkspace.kt:45:136 Redundant call of conversion method.
w: file:///Users/cyberteck/DEPROOF-/DEPROOF-build/app/src/main/java/com/example/WorkflowWorkspace.kt:45:250 Redundant call of conversion method.
w: file:///Users/cyberteck/DEPROOF-/DEPROOF-build/app/src/main/java/com/example/WorkflowWorkspace.kt:45:276 Redundant call of conversion method.
w: file:///Users/cyberteck/DEPROOF-/DEPROOF-build/app/src/main/java/com/example/WorkflowWorkspace.kt:45:303 Redundant call of conversion method.
w: file:///Users/cyberteck/DEPROOF-/DEPROOF-build/app/src/main/java/com/example/WorkflowWorkspace.kt:86:79 Redundant call of conversion method.
w: file:///Users/cyberteck/DEPROOF-/DEPROOF-build/app/src/main/java/com/example/WorkflowWorkspace.kt:86:100 Redundant call of conversion method.

> Task :app:compileDebugJavaWithJavac UP-TO-DATE
> Task :app:bundleDebugClassesToRuntimeJar
> Task :app:bundleDebugClassesToCompileJar
> Task :app:processDebugJavaRes
> Task :app:kspDebugUnitTestKotlin
> Task :app:dexBuilderDebug
> Task :app:mergeDebugGlobalSynthetics
> Task :app:compileDebugUnitTestKotlin
> Task :app:compileDebugUnitTestJavaWithJavac NO-SOURCE
> Task :app:processDebugUnitTestJavaRes UP-TO-DATE
> Task :app:mergeDebugJavaResource
> Task :app:testDebugUnitTest
> Task :app:mergeProjectDexDebug
> Task :app:generateDebugAndroidTestLintModel
> Task :app:generateDebugLintReportModel
> Task :app:generateDebugUnitTestLintModel
> Task :app:packageDebug
> Task :app:createDebugApkListingFileRedirect UP-TO-DATE
> Task :app:assembleDebug
> Task :app:lintAnalyzeDebugAndroidTest
> Task :app:lintAnalyzeDebugUnitTest
> Task :app:lintAnalyzeDebug

> Task :app:lintReportDebug
Wrote HTML report to file:///Users/cyberteck/DEPROOF-/DEPROOF-build/app/build/reports/lint-results-debug.html
Lint found 4 errors, 23 warnings and 2 hints. First failure:
/Users/cyberteck/DEPROOF-/DEPROOF-build/app/src/main/java/com/example/data/ReminderRepository.kt:32: Error: Call requires API level 26 (current min is 24): android.app.NotificationChannel#getImportance [NewApi]
    fun permissionAvailable()= (Build.VERSION.SDK_INT<33 || ContextCompat.checkSelfPermission(context,Manifest.permission.POST_NOTIFICATIONS)==PackageManager.PERMISSION_GRANTED) && NotificationManagerCompat.from(context).areNotificationsEnabled() && (context.getSystemService(Context.NOTIFICATION_SERVICE) as NotificationManager).getNotificationChannel("deproof-reminders")?.importance!=NotificationManager.IMPORTANCE_NONE
                                                                                                                                                                                                                                                                                                                                                                                       ~~~~~~~~~~


> Task :app:lintDebug FAILED
Lint found 4 errors, 23 warnings, 2 hints. First failure:

/Users/cyberteck/DEPROOF-/DEPROOF-build/app/src/main/java/com/example/data/ReminderRepository.kt:32: Error: Call requires API level 26 (current min is 24): android.app.NotificationChannel#getImportance [NewApi]
    fun permissionAvailable()= (Build.VERSION.SDK_INT<33 || ContextCompat.checkSelfPermission(context,Manifest.permission.POST_NOTIFICATIONS)==PackageManager.PERMISSION_GRANTED) && NotificationManagerCompat.from(context).areNotificationsEnabled() && (context.getSystemService(Context.NOTIFICATION_SERVICE) as NotificationManager).getNotificationChannel("deproof-reminders")?.importance!=NotificationManager.IMPORTANCE_NONE
                                                                                                                                                                                                                                                                                                                                                                                       ~~~~~~~~~~

The full lint text report is located at:
  /Users/cyberteck/DEPROOF-/DEPROOF-build/app/build/intermediates/lint_intermediate_text_report/debug/lintReportDebug/lint-results-debug.txt

[Incubating] Problems report is available at: file:///Users/cyberteck/DEPROOF-/DEPROOF-build/build/reports/problems/problems-report.html

FAILURE: Build failed with an exception.

* What went wrong:
Execution failed for task ':app:lintDebug'.
> Lint found errors in the project; aborting build.
  
  Fix the issues identified by lint, or create a baseline to see only new errors.
  To create a baseline, run `gradlew updateLintBaseline` after adding the following to the module's build.gradle file:
  ```
  android {
      lint {
          baseline = file("lint-baseline.xml")
      }
  }
  ```
  For more details, see https://developer.android.com/studio/write/lint#snapshot
  
  Lint found 4 errors, 23 warnings, 2 hints. First failure:
  
  /Users/cyberteck/DEPROOF-/DEPROOF-build/app/src/main/java/com/example/data/ReminderRepository.kt:32: Error: Call requires API level 26 (current min is 24): android.app.NotificationChannel#getImportance [NewApi]
      fun permissionAvailable()= (Build.VERSION.SDK_INT<33 || ContextCompat.checkSelfPermission(context,Manifest.permission.POST_NOTIFICATIONS)==PackageManager.PERMISSION_GRANTED) && NotificationManagerCompat.from(context).areNotificationsEnabled() && (context.getSystemService(Context.NOTIFICATION_SERVICE) as NotificationManager).getNotificationChannel("deproof-reminders")?.importance!=NotificationManager.IMPORTANCE_NONE
                                                                                                                                                                                                                                                                                                                                                                                         ~~~~~~~~~~
  
  The full lint text report is located at:
    /Users/cyberteck/DEPROOF-/DEPROOF-build/app/build/intermediates/lint_intermediate_text_report/debug/lintReportDebug/lint-results-debug.txt

* Try:
> Run with --info or --debug option to get more log output.
> Run with --scan to get full insights from a Build Scan (powered by Develocity).
> Get more help at https://help.gradle.org.

* Exception is:
org.gradle.api.tasks.TaskExecutionException: Execution failed for task ':app:lintDebug'.
	at org.gradle.api.internal.tasks.execution.ExecuteActionsTaskExecuter.lambda$executeIfValid$1(ExecuteActionsTaskExecuter.java:135)
	at org.gradle.internal.Try$Failure.ifSuccessfulOrElse(Try.java:288)
	at org.gradle.api.internal.tasks.execution.ExecuteActionsTaskExecuter.executeIfValid(ExecuteActionsTaskExecuter.java:133)
	at org.gradle.api.internal.tasks.execution.ExecuteActionsTaskExecuter.execute(ExecuteActionsTaskExecuter.java:121)
	at org.gradle.api.internal.tasks.execution.ProblemsTaskPathTrackingTaskExecuter.execute(ProblemsTaskPathTrackingTaskExecuter.java:41)
	at org.gradle.api.internal.tasks.execution.FinalizePropertiesTaskExecuter.execute(FinalizePropertiesTaskExecuter.java:46)
	at org.gradle.api.internal.tasks.execution.ResolveTaskExecutionModeExecuter.execute(ResolveTaskExecutionModeExecuter.java:51)
	at org.gradle.api.internal.tasks.execution.SkipTaskWithNoActionsExecuter.execute(SkipTaskWithNoActionsExecuter.java:57)
	at org.gradle.api.internal.tasks.execution.SkipOnlyIfTaskExecuter.execute(SkipOnlyIfTaskExecuter.java:74)
	at org.gradle.api.internal.tasks.execution.CatchExceptionTaskExecuter.execute(CatchExceptionTaskExecuter.java:36)
	at org.gradle.api.internal.tasks.execution.EventFiringTaskExecuter$1.executeTask(EventFiringTaskExecuter.java:77)
	at org.gradle.api.internal.tasks.execution.EventFiringTaskExecuter$1.call(EventFiringTaskExecuter.java:55)
	at org.gradle.api.internal.tasks.execution.EventFiringTaskExecuter$1.call(EventFiringTaskExecuter.java:52)
	at org.gradle.internal.operations.DefaultBuildOperationRunner$CallableBuildOperationWorker.execute(DefaultBuildOperationRunner.java:209)
	at org.gradle.internal.operations.DefaultBuildOperationRunner$CallableBuildOperationWorker.execute(DefaultBuildOperationRunner.java:204)
	at org.gradle.internal.operations.DefaultBuildOperationRunner$2.execute(DefaultBuildOperationRunner.java:66)
	at org.gradle.internal.operations.DefaultBuildOperationRunner$2.execute(DefaultBuildOperationRunner.java:59)
	at org.gradle.internal.operations.DefaultBuildOperationRunner.execute(DefaultBuildOperationRunner.java:166)
	at org.gradle.internal.operations.DefaultBuildOperationRunner.execute(DefaultBuildOperationRunner.java:59)
	at org.gradle.internal.operations.DefaultBuildOperationRunner.call(DefaultBuildOperationRunner.java:53)
	at org.gradle.api.internal.tasks.execution.EventFiringTaskExecuter.execute(EventFiringTaskExecuter.java:52)
	at org.gradle.execution.plan.DefaultNodeExecutor.executeLocalTaskNode(DefaultNodeExecutor.java:55)
	at org.gradle.execution.plan.DefaultNodeExecutor.execute(DefaultNodeExecutor.java:34)
	at org.gradle.execution.taskgraph.DefaultTaskExecutionGraph$InvokeNodeExecutorsAction.execute(DefaultTaskExecutionGraph.java:355)
	at org.gradle.execution.taskgraph.DefaultTaskExecutionGraph$InvokeNodeExecutorsAction.execute(DefaultTaskExecutionGraph.java:343)
	at org.gradle.execution.taskgraph.DefaultTaskExecutionGraph$BuildOperationAwareExecutionAction.lambda$execute$0(DefaultTaskExecutionGraph.java:339)
	at org.gradle.internal.operations.CurrentBuildOperationRef.with(CurrentBuildOperationRef.java:84)
	at org.gradle.execution.taskgraph.DefaultTaskExecutionGraph$BuildOperationAwareExecutionAction.execute(DefaultTaskExecutionGraph.java:339)
	at org.gradle.execution.taskgraph.DefaultTaskExecutionGraph$BuildOperationAwareExecutionAction.execute(DefaultTaskExecutionGraph.java:328)
	at org.gradle.execution.plan.DefaultPlanExecutor$ExecutorWorker.execute(DefaultPlanExecutor.java:459)
	at org.gradle.execution.plan.DefaultPlanExecutor$ExecutorWorker.run(DefaultPlanExecutor.java:376)
	at org.gradle.internal.concurrent.ExecutorPolicy$CatchAndRecordFailures.onExecute(ExecutorPolicy.java:64)
	at org.gradle.internal.concurrent.AbstractManagedExecutor$1.run(AbstractManagedExecutor.java:47)
Caused by: java.lang.RuntimeException: Lint found errors in the project; aborting build.

Fix the issues identified by lint, or create a baseline to see only new errors.
To create a baseline, run `gradlew updateLintBaseline` after adding the following to the module's build.gradle file:
```
android {
    lint {
        baseline = file("lint-baseline.xml")
    }
}
```
For more details, see https://developer.android.com/studio/write/lint#snapshot

Lint found 4 errors, 23 warnings, 2 hints. First failure:

/Users/cyberteck/DEPROOF-/DEPROOF-build/app/src/main/java/com/example/data/ReminderRepository.kt:32: Error: Call requires API level 26 (current min is 24): android.app.NotificationChannel#getImportance [NewApi]
    fun permissionAvailable()= (Build.VERSION.SDK_INT<33 || ContextCompat.checkSelfPermission(context,Manifest.permission.POST_NOTIFICATIONS)==PackageManager.PERMISSION_GRANTED) && NotificationManagerCompat.from(context).areNotificationsEnabled() && (context.getSystemService(Context.NOTIFICATION_SERVICE) as NotificationManager).getNotificationChannel("deproof-reminders")?.importance!=NotificationManager.IMPORTANCE_NONE
                                                                                                                                                                                                                                                                                                                                                                                       ~~~~~~~~~~

The full lint text report is located at:
  /Users/cyberteck/DEPROOF-/DEPROOF-build/app/build/intermediates/lint_intermediate_text_report/debug/lintReportDebug/lint-results-debug.txt
	at com.android.build.gradle.internal.lint.AndroidLintWorkAction$Companion.maybeThrowException(AndroidLintWorkAction.kt:232)
	at com.android.build.gradle.internal.lint.AndroidLintTextOutputTask.doTaskAction(AndroidLintTextOutputTask.kt:105)
	at com.android.build.gradle.internal.tasks.NonIncrementalTask$taskAction$$inlined$recordTaskAction$1.invoke(BaseTask.kt:72)
	at com.android.build.gradle.internal.tasks.Blocks.recordSpan(Blocks.java:51)
	at com.android.build.gradle.internal.tasks.NonIncrementalTask.taskAction(NonIncrementalTask.kt:71)
	at org.gradle.internal.reflect.JavaMethod.invoke(JavaMethod.java:125)
	at org.gradle.api.internal.project.taskfactory.StandardTaskAction.doExecute(StandardTaskAction.java:58)
	at org.gradle.api.internal.project.taskfactory.StandardTaskAction.execute(StandardTaskAction.java:51)
	at org.gradle.api.internal.project.taskfactory.StandardTaskAction.execute(StandardTaskAction.java:29)
	at org.gradle.api.internal.tasks.execution.TaskExecution$3.run(TaskExecution.java:259)
	at org.gradle.internal.operations.DefaultBuildOperationRunner$1.execute(DefaultBuildOperationRunner.java:29)
	at org.gradle.internal.operations.DefaultBuildOperationRunner$1.execute(DefaultBuildOperationRunner.java:26)
	at org.gradle.internal.operations.DefaultBuildOperationRunner$2.execute(DefaultBuildOperationRunner.java:66)
	at org.gradle.internal.operations.DefaultBuildOperationRunner$2.execute(DefaultBuildOperationRunner.java:59)
	at org.gradle.internal.operations.DefaultBuildOperationRunner.execute(DefaultBuildOperationRunner.java:166)
	at org.gradle.internal.operations.DefaultBuildOperationRunner.execute(DefaultBuildOperationRunner.java:59)
	at org.gradle.internal.operations.DefaultBuildOperationRunner.run(DefaultBuildOperationRunner.java:47)
	at org.gradle.api.internal.tasks.execution.TaskExecution.executeAction(TaskExecution.java:244)
	at org.gradle.api.internal.tasks.execution.TaskExecution.executeActions(TaskExecution.java:227)
	at org.gradle.api.internal.tasks.execution.TaskExecution.executeWithPreviousOutputFiles(TaskExecution.java:210)
	at org.gradle.api.internal.tasks.execution.TaskExecution.execute(TaskExecution.java:176)
	at org.gradle.internal.execution.steps.ExecuteStep.executeInternal(ExecuteStep.java:110)
	at org.gradle.internal.execution.steps.ExecuteStep.access$000(ExecuteStep.java:47)
	at org.gradle.internal.execution.steps.ExecuteStep$1.call(ExecuteStep.java:64)
	at org.gradle.internal.execution.steps.ExecuteStep$1.call(ExecuteStep.java:61)
	at org.gradle.internal.operations.DefaultBuildOperationRunner$CallableBuildOperationWorker.execute(DefaultBuildOperationRunner.java:209)
	at org.gradle.internal.operations.DefaultBuildOperationRunner$CallableBuildOperationWorker.execute(DefaultBuildOperationRunner.java:204)
	at org.gradle.internal.operations.DefaultBuildOperationRunner$2.execute(DefaultBuildOperationRunner.java:66)
	at org.gradle.internal.operations.DefaultBuildOperationRunner$2.execute(DefaultBuildOperationRunner.java:59)
	at org.gradle.internal.operations.DefaultBuildOperationRunner.execute(DefaultBuildOperationRunner.java:166)
	at org.gradle.internal.operations.DefaultBuildOperationRunner.execute(DefaultBuildOperationRunner.java:59)
	at org.gradle.internal.operations.DefaultBuildOperationRunner.call(DefaultBuildOperationRunner.java:53)
	at org.gradle.internal.execution.steps.ExecuteStep.execute(ExecuteStep.java:61)
	at org.gradle.internal.execution.steps.ExecuteStep.execute(ExecuteStep.java:47)
	at org.gradle.internal.execution.steps.CancelExecutionStep.execute(CancelExecutionStep.java:42)
	at org.gradle.internal.execution.steps.TimeoutStep.executeWithoutTimeout(TimeoutStep.java:75)
	at org.gradle.internal.execution.steps.TimeoutStep.execute(TimeoutStep.java:55)
	at org.gradle.internal.execution.steps.PreCreateOutputParentsStep.execute(PreCreateOutputParentsStep.java:51)
	at org.gradle.internal.execution.steps.PreCreateOutputParentsStep.execute(PreCreateOutputParentsStep.java:29)
	at org.gradle.internal.execution.steps.RemovePreviousOutputsStep.executeMutable(RemovePreviousOutputsStep.java:70)
	at org.gradle.internal.execution.steps.RemovePreviousOutputsStep.executeMutable(RemovePreviousOutputsStep.java:40)
	at org.gradle.internal.execution.steps.MutableStep.execute(MutableStep.java:25)
	at org.gradle.internal.execution.steps.BroadcastChangingOutputsStep.execute(BroadcastChangingOutputsStep.java:62)
	at org.gradle.internal.execution.steps.BroadcastChangingOutputsStep.execute(BroadcastChangingOutputsStep.java:27)
	at org.gradle.internal.execution.steps.CaptureOutputsAfterExecutionStep.execute(CaptureOutputsAfterExecutionStep.java:69)
	at org.gradle.internal.execution.steps.CaptureOutputsAfterExecutionStep.execute(CaptureOutputsAfterExecutionStep.java:46)
	at org.gradle.internal.execution.steps.ResolveInputChangesStep.executeMutable(ResolveInputChangesStep.java:39)
	at org.gradle.internal.execution.steps.ResolveInputChangesStep.executeMutable(ResolveInputChangesStep.java:28)
	at org.gradle.internal.execution.steps.MutableStep.execute(MutableStep.java:25)
	at org.gradle.internal.execution.steps.BuildCacheStep.executeWithoutCache(BuildCacheStep.java:192)
	at org.gradle.internal.execution.steps.BuildCacheStep.lambda$execute$1(BuildCacheStep.java:76)
	at org.gradle.internal.Either$Right.fold(Either.java:176)
	at org.gradle.internal.execution.caching.CachingState.fold(CachingState.java:62)
	at org.gradle.internal.execution.steps.BuildCacheStep.execute(BuildCacheStep.java:74)
	at org.gradle.internal.execution.steps.BuildCacheStep.execute(BuildCacheStep.java:49)
	at org.gradle.internal.execution.steps.StoreExecutionStateStep.execute(StoreExecutionStateStep.java:46)
	at org.gradle.internal.execution.steps.StoreExecutionStateStep.execute(StoreExecutionStateStep.java:35)
	at org.gradle.internal.execution.steps.SkipUpToDateStep.executeBecause(SkipUpToDateStep.java:75)
	at org.gradle.internal.execution.steps.SkipUpToDateStep.lambda$execute$2(SkipUpToDateStep.java:53)
	at org.gradle.internal.execution.steps.SkipUpToDateStep.execute(SkipUpToDateStep.java:53)
	at org.gradle.internal.execution.steps.SkipUpToDateStep.execute(SkipUpToDateStep.java:35)
	at org.gradle.internal.execution.steps.legacy.MarkSnapshottingInputsFinishedStep.execute(MarkSnapshottingInputsFinishedStep.java:37)
	at org.gradle.internal.execution.steps.legacy.MarkSnapshottingInputsFinishedStep.execute(MarkSnapshottingInputsFinishedStep.java:27)
	at org.gradle.internal.execution.steps.ResolveIncrementalCachingStateStep.executeDelegate(ResolveIncrementalCachingStateStep.java:49)
	at org.gradle.internal.execution.steps.ResolveIncrementalCachingStateStep.executeDelegate(ResolveIncrementalCachingStateStep.java:27)
	at org.gradle.internal.execution.steps.AbstractResolveCachingStateStep.execute(AbstractResolveCachingStateStep.java:71)
	at org.gradle.internal.execution.steps.AbstractResolveCachingStateStep.execute(AbstractResolveCachingStateStep.java:39)
	at org.gradle.internal.execution.steps.ResolveChangesStep.executeMutable(ResolveChangesStep.java:63)
	at org.gradle.internal.execution.steps.ResolveChangesStep.executeMutable(ResolveChangesStep.java:34)
	at org.gradle.internal.execution.steps.MutableStep.execute(MutableStep.java:25)
	at org.gradle.internal.execution.steps.ValidateStep.execute(ValidateStep.java:64)
	at org.gradle.internal.execution.steps.ValidateStep.execute(ValidateStep.java:42)
	at org.gradle.internal.execution.steps.AbstractCaptureStateBeforeExecutionStep.execute(AbstractCaptureStateBeforeExecutionStep.java:77)
	at org.gradle.internal.execution.steps.AbstractCaptureStateBeforeExecutionStep.execute(AbstractCaptureStateBeforeExecutionStep.java:46)
	at org.gradle.internal.execution.steps.AbstractSkipEmptyWorkStep.executeWithNonEmptySources(AbstractSkipEmptyWorkStep.java:133)
	at org.gradle.internal.execution.steps.AbstractSkipEmptyWorkStep.execute(AbstractSkipEmptyWorkStep.java:59)
	at org.gradle.internal.execution.steps.AbstractSkipEmptyWorkStep.execute(AbstractSkipEmptyWorkStep.java:36)
	at org.gradle.internal.execution.steps.legacy.MarkSnapshottingInputsStartedStep.execute(MarkSnapshottingInputsStartedStep.java:38)
	at org.gradle.internal.execution.steps.LoadPreviousExecutionStateStep.execute(LoadPreviousExecutionStateStep.java:36)
	at org.gradle.internal.execution.steps.LoadPreviousExecutionStateStep.execute(LoadPreviousExecutionStateStep.java:23)
	at org.gradle.internal.execution.steps.HandleStaleOutputsStep.executeMutable(HandleStaleOutputsStep.java:77)
	at org.gradle.internal.execution.steps.HandleStaleOutputsStep.executeMutable(HandleStaleOutputsStep.java:43)
	at org.gradle.internal.execution.steps.MutableStep.execute(MutableStep.java:25)
	at org.gradle.internal.execution.steps.AssignMutableWorkspaceStep.lambda$execute$0(AssignMutableWorkspaceStep.java:35)
	at org.gradle.api.internal.tasks.execution.TaskExecution$4.withWorkspace(TaskExecution.java:305)
	at org.gradle.internal.execution.steps.AssignMutableWorkspaceStep.execute(AssignMutableWorkspaceStep.java:31)
	at org.gradle.internal.execution.steps.AssignMutableWorkspaceStep.execute(AssignMutableWorkspaceStep.java:22)
	at org.gradle.internal.execution.steps.ChoosePipelineStep.execute(ChoosePipelineStep.java:40)
	at org.gradle.internal.execution.steps.ChoosePipelineStep.execute(ChoosePipelineStep.java:23)
	at org.gradle.internal.execution.steps.ExecuteWorkBuildOperationFiringStep.lambda$execute$2(ExecuteWorkBuildOperationFiringStep.java:67)
	at org.gradle.internal.execution.steps.ExecuteWorkBuildOperationFiringStep.execute(ExecuteWorkBuildOperationFiringStep.java:67)
	at org.gradle.internal.execution.steps.ExecuteWorkBuildOperationFiringStep.execute(ExecuteWorkBuildOperationFiringStep.java:39)
	at org.gradle.internal.execution.steps.IdentityCacheStep.execute(IdentityCacheStep.java:46)
	at org.gradle.internal.execution.steps.IdentityCacheStep.execute(IdentityCacheStep.java:34)
	at org.gradle.internal.execution.steps.IdentifyStep.execute(IdentifyStep.java:44)
	at org.gradle.internal.execution.steps.IdentifyStep.execute(IdentifyStep.java:31)
	at org.gradle.internal.execution.impl.DefaultExecutionEngine$1.execute(DefaultExecutionEngine.java:68)
	at org.gradle.api.internal.tasks.execution.ExecuteActionsTaskExecuter.executeIfValid(ExecuteActionsTaskExecuter.java:132)
	... 30 more


BUILD FAILED in 1m 32s
56 actionable tasks: 27 executed, 29 up-to-date
